Command line invocation:
    /Applications/Xcode_26.6.app/Contents/Developer/usr/bin/xcodebuild -project ios/App/App.xcodeproj -scheme App -configuration Release -destination generic/platform=iOS -archivePath ios/build/App.xcarchive -derivedDataPath ios/DerivedData -allowProvisioningUpdates -authenticationKeyPath /Users/runner/work/_temp/asc/AuthKey.p8 -authenticationKeyID 489X4G4H3P -authenticationKeyIssuerID e8feda24-06ee-420d-9aff-b1ebafa957c5 CURRENT_PROJECT_VERSION=156 DEVELOPMENT_TEAM=7MXRJUJ7C3 archive

Build settings from command line:
    CURRENT_PROJECT_VERSION = 156
    DEVELOPMENT_TEAM = 7MXRJUJ7C3

Resolve Package Graph


Resolved source packages:
  CapacitorFilesystem: /Users/runner/work/dg-app-full/dg-app-full/node_modules/@capacitor/filesystem @ local
  capacitor-swift-pm: https://github.com/ionic-team/capacitor-swift-pm.git @ 8.5.2
  CapacitorNetwork: /Users/runner/work/dg-app-full/dg-app-full/node_modules/@capacitor/network @ local
  CapacitorShare: /Users/runner/work/dg-app-full/dg-app-full/node_modules/@capacitor/share @ local
  CapacitorBrowser: /Users/runner/work/dg-app-full/dg-app-full/node_modules/@capacitor/browser @ local
  IONFilesystemLib: https://github.com/ionic-team/ion-ios-filesystem.git @ 1.1.4
  CapacitorApp: /Users/runner/work/dg-app-full/dg-app-full/node_modules/@capacitor/app @ local
  CapacitorStatusBar: /Users/runner/work/dg-app-full/dg-app-full/node_modules/@capacitor/status-bar @ local
  CapacitorDialog: /Users/runner/work/dg-app-full/dg-app-full/node_modules/@capacitor/dialog @ local
  CapApp-SPM: /Users/runner/work/dg-app-full/dg-app-full/ios/App/CapApp-SPM @ local

2026-09-19 00:58:30.419 xcodebuild[2631:11686] [MT] IDERunDestination: Supported platforms for the buildables in the current scheme is empty.
ComputePackagePrebuildTargetDependencyGraph

Prepare packages

CreateBuildRequest

SendProjectDescription

CreateBuildOperation

ComputeTargetDependencyGraph
note: Building targets in dependency order
note: Target dependency graph (22 targets)
    Target 'App' in project 'App'
        ➜ Explicit dependency on target 'ShareExtension' in project 'App'
        ➜ Explicit dependency on target 'CapApp-SPM' in project 'CapApp-SPM'
    Target 'CapApp-SPM' in project 'CapApp-SPM'
        ➜ Explicit dependency on target 'CapApp-SPM' in project 'CapApp-SPM'
        ➜ Explicit dependency on target 'Capacitor' in project 'capacitor-swift-pm'
        ➜ Explicit dependency on target 'Cordova' in project 'capacitor-swift-pm'
        ➜ Explicit dependency on target 'CapacitorApp' in project 'CapacitorApp'
        ➜ Explicit dependency on target 'CapacitorBrowser' in project 'CapacitorBrowser'
        ➜ Explicit dependency on target 'CapacitorDialog' in project 'CapacitorDialog'
        ➜ Explicit dependency on target 'CapacitorFilesystem' in project 'CapacitorFilesystem'
        ➜ Explicit dependency on target 'CapacitorNetwork' in project 'CapacitorNetwork'
        ➜ Explicit dependency on target 'CapacitorShare' in project 'CapacitorShare'
        ➜ Explicit dependency on target 'CapacitorStatusBar' in project 'CapacitorStatusBar'
    Target 'CapApp-SPM' in project 'CapApp-SPM'
        ➜ Explicit dependency on target 'Capacitor' in project 'capacitor-swift-pm'
        ➜ Explicit dependency on target 'Cordova' in project 'capacitor-swift-pm'
        ➜ Explicit dependency on target 'CapacitorApp' in project 'CapacitorApp'
        ➜ Explicit dependency on target 'CapacitorBrowser' in project 'CapacitorBrowser'
        ➜ Explicit dependency on target 'CapacitorDialog' in project 'CapacitorDialog'
        ➜ Explicit dependency on target 'CapacitorFilesystem' in project 'CapacitorFilesystem'
        ➜ Explicit dependency on target 'CapacitorNetwork' in project 'CapacitorNetwork'
        ➜ Explicit dependency on target 'CapacitorShare' in project 'CapacitorShare'
        ➜ Explicit dependency on target 'CapacitorStatusBar' in project 'CapacitorStatusBar'
    Target 'CapacitorStatusBar' in project 'CapacitorStatusBar'
        ➜ Explicit dependency on target 'StatusBarPlugin' in project 'CapacitorStatusBar'
        ➜ Explicit dependency on target 'Capacitor' in project 'capacitor-swift-pm'
        ➜ Explicit dependency on target 'Cordova' in project 'capacitor-swift-pm'
    Target 'StatusBarPlugin' in project 'CapacitorStatusBar'
        ➜ Explicit dependency on target 'Capacitor' in project 'capacitor-swift-pm'
        ➜ Explicit dependency on target 'Cordova' in project 'capacitor-swift-pm'
    Target 'CapacitorShare' in project 'CapacitorShare'
        ➜ Explicit dependency on target 'SharePlugin' in project 'CapacitorShare'
        ➜ Explicit dependency on target 'Capacitor' in project 'capacitor-swift-pm'
        ➜ Explicit dependency on target 'Cordova' in project 'capacitor-swift-pm'
    Target 'SharePlugin' in project 'CapacitorShare'
        ➜ Explicit dependency on target 'Capacitor' in project 'capacitor-swift-pm'
        ➜ Explicit dependency on target 'Cordova' in project 'capacitor-swift-pm'
    Target 'CapacitorNetwork' in project 'CapacitorNetwork'
        ➜ Explicit dependency on target 'CAPNetworkPlugin' in project 'CapacitorNetwork'
        ➜ Explicit dependency on target 'Capacitor' in project 'capacitor-swift-pm'
        ➜ Explicit dependency on target 'Cordova' in project 'capacitor-swift-pm'
    Target 'CAPNetworkPlugin' in project 'CapacitorNetwork'
        ➜ Explicit dependency on target 'Capacitor' in project 'capacitor-swift-pm'
        ➜ Explicit dependency on target 'Cordova' in project 'capacitor-swift-pm'
    Target 'CapacitorFilesystem' in project 'CapacitorFilesystem'
        ➜ Explicit dependency on target 'FilesystemPlugin' in project 'CapacitorFilesystem'
        ➜ Explicit dependency on target 'Capacitor' in project 'capacitor-swift-pm'
        ➜ Explicit dependency on target 'Cordova' in project 'capacitor-swift-pm'
        ➜ Explicit dependency on target 'IONFilesystemLib' in project 'IONFilesystemLib'
    Target 'FilesystemPlugin' in project 'CapacitorFilesystem'
        ➜ Explicit dependency on target 'Capacitor' in project 'capacitor-swift-pm'
        ➜ Explicit dependency on target 'Cordova' in project 'capacitor-swift-pm'
        ➜ Explicit dependency on target 'IONFilesystemLib' in project 'IONFilesystemLib'
    Target 'IONFilesystemLib' in project 'IONFilesystemLib'
        ➜ Explicit dependency on target 'IONFilesystemLib' in project 'IONFilesystemLib'
    Target 'IONFilesystemLib' in project 'IONFilesystemLib' (no dependencies)
    Target 'CapacitorDialog' in project 'CapacitorDialog'
        ➜ Explicit dependency on target 'DialogPlugin' in project 'CapacitorDialog'
        ➜ Explicit dependency on target 'Capacitor' in project 'capacitor-swift-pm'
        ➜ Explicit dependency on target 'Cordova' in project 'capacitor-swift-pm'
    Target 'DialogPlugin' in project 'CapacitorDialog'
        ➜ Explicit dependency on target 'Capacitor' in project 'capacitor-swift-pm'
        ➜ Explicit dependency on target 'Cordova' in project 'capacitor-swift-pm'
    Target 'CapacitorBrowser' in project 'CapacitorBrowser'
        ➜ Explicit dependency on target 'BrowserPlugin' in project 'CapacitorBrowser'
        ➜ Explicit dependency on target 'Capacitor' in project 'capacitor-swift-pm'
        ➜ Explicit dependency on target 'Cordova' in project 'capacitor-swift-pm'
    Target 'BrowserPlugin' in project 'CapacitorBrowser'
        ➜ Explicit dependency on target 'Capacitor' in project 'capacitor-swift-pm'
        ➜ Explicit dependency on target 'Cordova' in project 'capacitor-swift-pm'
    Target 'CapacitorApp' in project 'CapacitorApp'
        ➜ Explicit dependency on target 'AppPlugin' in project 'CapacitorApp'
        ➜ Explicit dependency on target 'Capacitor' in project 'capacitor-swift-pm'
        ➜ Explicit dependency on target 'Cordova' in project 'capacitor-swift-pm'
    Target 'AppPlugin' in project 'CapacitorApp'
        ➜ Explicit dependency on target 'Capacitor' in project 'capacitor-swift-pm'
        ➜ Explicit dependency on target 'Cordova' in project 'capacitor-swift-pm'
    Target 'Cordova' in project 'capacitor-swift-pm' (no dependencies)
    Target 'Capacitor' in project 'capacitor-swift-pm' (no dependencies)
    Target 'ShareExtension' in project 'App' (no dependencies)

GatherProvisioningInputs

CreateBuildDescription

ExecuteExternalTool /Applications/Xcode_26.6.app/Contents/Developer/Toolchains/XcodeDefault.xctoolchain/usr/bin/swiftc --version

ExecuteExternalTool /Applications/Xcode_26.6.app/Contents/Developer/usr/bin/actool --print-asset-tag-combinations --output-format xml1 /Users/runner/work/dg-app-full/dg-app-full/ios/App/App/Assets.xcassets

ExecuteExternalTool /Applications/Xcode_26.6.app/Contents/Developer/usr/bin/ibtool --version --output-format xml1

ExecuteExternalTool /Applications/Xcode_26.6.app/Contents/Developer/Toolchains/XcodeDefault.xctoolchain/usr/bin/clang -v -E -dM -isysroot /Applications/Xcode_26.6.app/Contents/Developer/Platforms/iPhoneOS.platform/Developer/SDKs/iPhoneOS26.5.sdk -x c -c /dev/null

ExecuteExternalTool /Applications/Xcode_26.6.app/Contents/Developer/Toolchains/XcodeDefault.xctoolchain/usr/bin/ld -version_details

ExecuteExternalTool /Applications/Xcode_26.6.app/Contents/Developer/usr/bin/actool --version --output-format xml1

Build description signature: 95617617092bad5cb1970ae810c4c9ae
Build description path: /Users/runner/work/dg-app-full/dg-app-full/ios/DerivedData/Build/Intermediates.noindex/ArchiveIntermediates/App/IntermediateBuildFilesPath/XCBuildData/95617617092bad5cb1970ae810c4c9ae.xcbuilddata
/Users/runner/work/dg-app-full/dg-app-full/ios/App/App.xcodeproj: error: Communication with Apple failed: Your team has no devices from which to generate a provisioning profile. Connect a device to use or manually add device IDs in Certificates, Identifiers & Profiles. https://developer.apple.com/account/ (in target 'App' from project 'App')
/Users/runner/work/dg-app-full/dg-app-full/ios/App/App.xcodeproj: error: No profiles for 'gift.dhamma.mobile' were found: Xcode couldn't find any iOS App Development provisioning profiles matching 'gift.dhamma.mobile'. (in target 'App' from project 'App')
/Users/runner/work/dg-app-full/dg-app-full/ios/App/App.xcodeproj: error: Communication with Apple failed: Your team has no devices from which to generate a provisioning profile. Connect a device to use or manually add device IDs in Certificates, Identifiers & Profiles. https://developer.apple.com/account/ (in target 'ShareExtension' from project 'App')
/Users/runner/work/dg-app-full/dg-app-full/ios/App/App.xcodeproj: error: No profiles for 'gift.dhamma.mobile.share' were found: Xcode couldn't find any iOS App Development provisioning profiles matching 'gift.dhamma.mobile.share'. (in target 'ShareExtension' from project 'App')
** ARCHIVE FAILED **


The following build commands failed:
	Archiving project App with scheme App
(1 failure)
